// Jest Snapshot v1, https://goo.gl/fbAQLP

exports[`App Component - Mobile Experience Mobile Layout and Responsiveness snapshot matches mobile layout 1`] = `
<div>
  <div
    lang="en"
  >
    <a
      href="#main-content"
      style="position: absolute; left: -10000px; width: 1px; height: 1px; overflow: hidden; z-index: 9999;"
    >
      Skip to main content
    </a>
    <main
      id="main-content"
      role="main"
    >
      <div
        class="MuiBox-root css-qz6s8t"
      >
        <div
          class="MuiBox-root css-1mwyucw"
          style="background-repeat: no-repeat; background-size: cover; background-position: center center; background-attachment: fixed; transition: opacity 0.3s ease; opacity: 0;"
        >
          <div
            class="MuiBox-root css-wsi8sc"
          />
        </div>
        <div
          class="MuiContainer-root MuiContainer-maxWidthLg css-1lqvkxl-MuiContainer-root"
        >
          <div
            style="display: flex; flex-direction: column; gap: var(--spacing-3xl); width: 100%;"
          >
            <div
              class="MuiBox-root css-1pevsff"
              spacing="lg"
              variant="hero"
            >
              <h1
                class="MuiTypography-root MuiTypography-h1 css-1wdblo5-MuiTypography-root"
              >
                Skye View Community Hub
              </h1>
              <h2
                class="MuiTypography-root MuiTypography-h2 css-t22on4-MuiTypography-root"
              >
                Homeschool Coop · Farm Animal Time · Community Giveaway
              </h2>
              <p
                class="MuiTypography-root MuiTypography-body1 css-8wnz1m-MuiTypography-root"
              >
                A Las Vegas community hub whose first program is a homeschool parent cooperative for Pre-K through 5th grade — where families are REQUIRED to actively participate — alongside Farm Animal Time drop-in visits and a resident giveaway swap.
              </p>
            </div>
            <div
              class="MuiBox-root css-12recp6"
              spacing="lg"
              style="text-align: center; box-shadow: var(--shadow-lg);"
              variant="card"
            >
              <h2
                class="MuiTypography-root MuiTypography-h2 css-18rb5gt-MuiTypography-root"
              >
                Explore Hub Programs
              </h2>
              <p
                class="MuiTypography-root MuiTypography-body1 css-1b1y2rf-MuiTypography-root"
              >
                Beyond the homeschool coop, visit Farm Animal Time drop-in hours or the Community Giveaway for Las Vegas residents.
              </p>
              <div
                class="MuiBox-root css-1k4t52z"
              >
                <a
                  class="MuiTypography-root MuiTypography-inherit MuiLink-root MuiLink-underlineAlways css-ejx1gu-MuiTypography-root-MuiLink-root"
                  href="/schedule"
                >
                  Coop Programs
                </a>
                <a
                  class="MuiTypography-root MuiTypography-inherit MuiLink-root MuiLink-underlineAlways css-ejx1gu-MuiTypography-root-MuiLink-root"
                  href="/farm-animal-time"
                >
                  Farm Animal Time
                </a>
                <a
                  class="MuiTypography-root MuiTypography-inherit MuiLink-root MuiLink-underlineAlways css-ejx1gu-MuiTypography-root-MuiLink-root"
                  href="/giveaway"
                >
                  Community Giveaway
                </a>
              </div>
            </div>
            <div
              class="MuiBox-root css-12recp6"
              spacing="lg"
              style="text-align: center; box-shadow: var(--shadow-lg);"
              variant="card"
            >
              <h2
                class="MuiTypography-root MuiTypography-h2 css-8xltmq-MuiTypography-root"
              >
                Montessori Family Business Partners
              </h2>
              <p
                class="MuiTypography-root MuiTypography-body1 css-ub572g-MuiTypography-root"
              >
                We are proud to recognize family-owned businesses within our Montessori community, along with community partners who support our cooperative.
              </p>
              <a
                class="MuiTypography-root MuiTypography-inherit MuiLink-root MuiLink-underlineAlways css-1ocupwd-MuiTypography-root-MuiLink-root"
                href="/family-business-partners"
              >
                Learn about Family Business Partners
              </a>
              <div
                class="MuiStack-root css-8mcjw0-MuiStack-root"
              >
                <section
                  aria-labelledby="home-partner-community-recognition-member"
                  class="MuiBox-root css-1sx3blu"
                >
                  <div
                    class="MuiStack-root css-4ekims-MuiStack-root"
                  >
                    <h3
                      class="MuiTypography-root MuiTypography-h3 css-1kcuxz5-MuiTypography-root"
                      id="home-partner-community-recognition-member"
                    >
                      Community Recognition Member
                    </h3>
                    <span
                      aria-label="Community Recognition Member FREE acknowledgement level"
                      class="sponsor-tier-badge sponsor-tier-badge--free"
                    >
                      <span
                        class="sponsor-tier-badge__label"
                      >
                        FREE
                      </span>
                    </span>
                  </div>
                  <a
                    class="MuiButtonBase-root MuiButton-root MuiButton-outlined MuiButton-outlinedPrimary MuiButton-sizeMedium MuiButton-outlinedSizeMedium MuiButton-colorPrimary MuiButton-root MuiButton-outlined MuiButton-outlinedPrimary MuiButton-sizeMedium MuiButton-outlinedSizeMedium MuiButton-colorPrimary css-1m692h4-MuiButtonBase-root-MuiButton-root"
                    href="https://forms.gle/FoAWDtSS12kFHWGN7"
                    rel="noopener noreferrer"
                    tabindex="0"
                    target="_blank"
                  >
                    Become our first 
                    Community Recognition Member
                     sponsor!
                    <span
                      class="MuiTouchRipple-root css-8je8zh-MuiTouchRipple-root"
                    />
                  </a>
                </section>
                <section
                  aria-labelledby="home-partner-community-partner"
                  class="MuiBox-root css-1sx3blu"
                >
                  <div
                    class="MuiStack-root css-4ekims-MuiStack-root"
                  >
                    <h3
                      class="MuiTypography-root MuiTypography-h3 css-1kcuxz5-MuiTypography-root"
                      id="home-partner-community-partner"
                    >
                      Community Partner
                    </h3>
                    <span
                      aria-label="Community Partner BRONZE acknowledgement level"
                      class="sponsor-tier-badge sponsor-tier-badge--bronze"
                    >
                      <span
                        class="sponsor-tier-badge__label"
                      >
                        BRONZE
                      </span>
                    </span>
                  </div>
                  <a
                    class="MuiButtonBase-root MuiButton-root MuiButton-outlined MuiButton-outlinedPrimary MuiButton-sizeMedium MuiButton-outlinedSizeMedium MuiButton-colorPrimary MuiButton-root MuiButton-outlined MuiButton-outlinedPrimary MuiButton-sizeMedium MuiButton-outlinedSizeMedium MuiButton-colorPrimary css-1m692h4-MuiButtonBase-root-MuiButton-root"
                    href="https://forms.gle/FoAWDtSS12kFHWGN7"
                    rel="noopener noreferrer"
                    tabindex="0"
                    target="_blank"
                  >
                    Become our first 
                    Community Partner
                     sponsor!
                    <span
                      class="MuiTouchRipple-root css-8je8zh-MuiTouchRipple-root"
                    />
                  </a>
                </section>
                <section
                  aria-labelledby="home-partner-family-partner"
                  class="MuiBox-root css-1sx3blu"
                >
                  <div
                    class="MuiStack-root css-4ekims-MuiStack-root"
                  >
                    <h3
                      class="MuiTypography-root MuiTypography-h3 css-1kcuxz5-MuiTypography-root"
                      id="home-partner-family-partner"
                    >
                      Family Partner
                    </h3>
                    <span
                      aria-label="Family Partner SILVER acknowledgement level"
                      class="sponsor-tier-badge sponsor-tier-badge--silver"
                    >
                      <span
                        class="sponsor-tier-badge__label"
                      >
                        SILVER
                      </span>
                    </span>
                  </div>
                  <a
                    class="MuiButtonBase-root MuiButton-root MuiButton-outlined MuiButton-outlinedPrimary MuiButton-sizeMedium MuiButton-outlinedSizeMedium MuiButton-colorPrimary MuiButton-root MuiButton-outlined MuiButton-outlinedPrimary MuiButton-sizeMedium MuiButton-outlinedSizeMedium MuiButton-colorPrimary css-1m692h4-MuiButtonBase-root-MuiButton-root"
                    href="https://forms.gle/FoAWDtSS12kFHWGN7"
                    rel="noopener noreferrer"
                    tabindex="0"
                    target="_blank"
                  >
                    Become our first 
                    Family Partner
                     sponsor!
                    <span
                      class="MuiTouchRipple-root css-8je8zh-MuiTouchRipple-root"
                    />
                  </a>
                </section>
                <section
                  aria-labelledby="home-partner-founding-partner"
                  class="MuiBox-root css-1sx3blu"
                >
                  <div
                    class="MuiStack-root css-4ekims-MuiStack-root"
                  >
                    <h3
                      class="MuiTypography-root MuiTypography-h3 css-1kcuxz5-MuiTypography-root"
                      id="home-partner-founding-partner"
                    >
                      Founding Partner
                    </h3>
                    <span
                      aria-label="Founding Partner GOLD acknowledgement level"
                      class="sponsor-tier-badge sponsor-tier-badge--gold"
                    >
                      <span
                        class="sponsor-tier-badge__label"
                      >
                        GOLD
                      </span>
                    </span>
                  </div>
                  <a
                    class="MuiButtonBase-root MuiButton-root MuiButton-outlined MuiButton-outlinedPrimary MuiButton-sizeMedium MuiButton-outlinedSizeMedium MuiButton-colorPrimary MuiButton-root MuiButton-outlined MuiButton-outlinedPrimary MuiButton-sizeMedium MuiButton-outlinedSizeMedium MuiButton-colorPrimary css-1m692h4-MuiButtonBase-root-MuiButton-root"
                    href="https://forms.gle/FoAWDtSS12kFHWGN7"
                    rel="noopener noreferrer"
                    tabindex="0"
                    target="_blank"
                  >
                    Become our first 
                    Founding Partner
                     sponsor!
                    <span
                      class="MuiTouchRipple-root css-8je8zh-MuiTouchRipple-root"
                    />
                  </a>
                </section>
              </div>
            </div>
            <section
              aria-labelledby="home-nondiscrimination-notice-title"
              class="MuiBox-root css-12recp6"
              spacing="lg"
              style="text-align: left; box-shadow: var(--shadow-lg);"
              variant="card"
            >
              <h2
                class="MuiTypography-root MuiTypography-h2 css-18rb5gt-MuiTypography-root"
                id="home-nondiscrimination-notice-title"
              >
                Notice of Nondiscriminatory Policy as to Students
              </h2>
              <p
                class="MuiTypography-root MuiTypography-body1 css-921h3j-MuiTypography-root"
              >
                Montessori Skye View Learning Center admits students of any race, color, national origin, and ethnic origin to all the rights, privileges, programs, and activities generally accorded or made available to students at the school.
              </p>
              <p
                class="MuiTypography-root MuiTypography-body1 css-921h3j-MuiTypography-root"
              >
                Montessori Skye View Learning Center does not discriminate on the basis of race, color, national origin, or ethnic origin in the administration of its educational policies, admission policies, scholarship and loan programs, athletic programs, and other school-administered programs.
              </p>
            </section>
          </div>
        </div>
        <div
          class="MuiBox-root css-1f77zi0"
        >
          <div
            aria-expanded="false"
            aria-label="Expand membership options"
            class="MuiBox-root css-tpqms"
            role="button"
            tabindex="0"
          >
            <div
              class="MuiBox-root css-axw7ok"
            >
              <span
                style="font-weight: 600;"
              >
                📚 Ready to Join the Coop?
                 
              </span>
            </div>
            <button
              aria-hidden="true"
              class="MuiButtonBase-root MuiIconButton-root MuiIconButton-sizeSmall css-smsurf-MuiButtonBase-root-MuiIconButton-root"
              tabindex="0"
              type="button"
            >
              <svg
                aria-hidden="true"
                class="MuiSvgIcon-root MuiSvgIcon-fontSizeMedium css-i4bv87-MuiSvgIcon-root"
                data-testid="ExpandMoreIcon"
                focusable="false"
                viewBox="0 0 24 24"
              >
                <path
                  d="M16.59 8.59 12 13.17 7.41 8.59 6 10l6 6 6-6z"
                />
              </svg>
              <span
                class="MuiTouchRipple-root css-8je8zh-MuiTouchRipple-root"
              />
            </button>
          </div>
        </div>
        <div
          class="MuiBox-root css-1kqulnu"
        >
          <div
            class="MuiBox-root css-1dm44cd"
          >
            <div
              class="MuiBox-root css-1cufukc"
              spacing="lg"
              style="background-color: rgb(31, 41, 55); color: rgb(255, 255, 255); border-radius: var(--radius-lg); box-shadow: var(--shadow-lg); text-align: center; width: 100%; max-width: 600px; align-self: center; justify-self: center; align-items: center; justify-content: center; margin: 0px auto; position: relative; z-index: 0;"
              variant="default"
            >
              <a
                aria-label="Family Business Partners"
                href="/family-business-partners"
                style="color: rgb(255, 255, 255); text-decoration: none; font-weight: 600; border-radius: var(--radius-sm); display: inline-block; min-height: 48px; min-width: 200px; line-height: 1.2; box-shadow: var(--shadow-md);"
              >
                Family Business Partners
              </a>
              <div
                class="MuiBox-root css-n88plx"
              >
                <a
                  class="MuiTypography-root MuiTypography-inherit MuiLink-root MuiLink-underlineAlways css-1dd9tcc-MuiTypography-root-MuiLink-root"
                  href="https://docs.google.com/forms/d/e/1FAIpQLSfz0zCi_IRXouepiK9PAX8CzCqHXcbxzq6nmYY4VyfePsVBnw/viewform"
                  rel="noopener noreferrer"
                  target="_blank"
                >
                  <div
                    style="display: flex; align-items: center; gap: var(--spacing-sm);"
                  >
                    <svg
                      aria-hidden="true"
                      class="MuiSvgIcon-root MuiSvgIcon-fontSizeMedium css-i4bv87-MuiSvgIcon-root"
                      data-testid="SchoolIcon"
                      focusable="false"
                      viewBox="0 0 24 24"
                    >
                      <path
                        d="M5 13.18v4L12 21l7-3.82v-4L12 17zM12 3 1 9l11 6 9-4.91V17h2V9z"
                      />
                    </svg>
                    <p
                      class="MuiTypography-root MuiTypography-body1 css-s2v3d5-MuiTypography-root"
                    >
                      2026 Fall registration
                    </p>
                  </div>
                </a>
              </div>
              <h4
                class="MuiTypography-root MuiTypography-h4 css-z5nl2j-MuiTypography-root"
              >
                Contact Information
              </h4>
              <p
                class="MuiTypography-root MuiTypography-body1 css-1trh5xa-MuiTypography-root"
              >
                Call, text, or email us:
              </p>
              <p
                class="MuiTypography-root MuiTypography-body1 css-1ysnhqj-MuiTypography-root"
              >
                <a
                  aria-label="Call us at (760) 534-0671"
                  href="tel:7605340671"
                  style="color: rgb(255, 255, 255); text-decoration: none; font-weight: 600; transition: all 0.3s ease; border-radius: var(--radius-sm); display: inline-block; min-height: 48px; min-width: 200px; line-height: 1.2; box-shadow: var(--shadow-md);"
                >
                  📞 
                  (760) 534-0671
                </a>
              </p>
              <p
                class="MuiTypography-root MuiTypography-body1 css-ildajy-MuiTypography-root"
              >
                <a
                  aria-label="Email us at nwlvmontessori@gmail.com"
                  href="mailto:nwlvmontessori@gmail.com?subject=Inquiry%20from%20Skye%20View%20Website"
                  style="color: rgb(255, 255, 255); text-decoration: none; font-weight: 600; transition: all 0.3s ease; border-radius: var(--radius-sm); display: inline-block; min-height: 48px; min-width: 200px; line-height: 1.2; box-shadow: var(--shadow-md);"
                >
                  ✉️ 
                  nwlvmontessori@gmail.com
                </a>
              </p>
            </div>
          </div>
        </div>
      </div>
    </main>
    <footer
      class="MuiBox-root css-i2c16b"
      role="contentinfo"
    >
      <div
        class="MuiStack-root css-xxxtal-MuiStack-root"
      >
        <nav
          aria-label="Primary navigation"
          class="MuiBox-root css-0"
        >
          <h6
            class="MuiTypography-root MuiTypography-h6 css-f7he05-MuiTypography-root"
          >
            Explore
          </h6>
          <div
            class="MuiStack-root css-pex525-MuiStack-root"
          >
            <a
              class="MuiButtonBase-root MuiButton-root MuiButton-outlined MuiButton-outlinedPrimary MuiButton-sizeMedium MuiButton-outlinedSizeMedium MuiButton-colorPrimary MuiButton-root MuiButton-outlined MuiButton-outlinedPrimary MuiButton-sizeMedium MuiButton-outlinedSizeMedium MuiButton-colorPrimary css-1rmtn5e-MuiButtonBase-root-MuiButton-root"
              href="/"
              tabindex="0"
            >
              Home
              <span
                class="MuiTouchRipple-root css-8je8zh-MuiTouchRipple-root"
              />
            </a>
            <a
              class="MuiButtonBase-root MuiButton-root MuiButton-outlined MuiButton-outlinedPrimary MuiButton-sizeMedium MuiButton-outlinedSizeMedium MuiButton-colorPrimary MuiButton-root MuiButton-outlined MuiButton-outlinedPrimary MuiButton-sizeMedium MuiButton-outlinedSizeMedium MuiButton-colorPrimary css-1rmtn5e-MuiButtonBase-root-MuiButton-root"
              href="/schedule"
              tabindex="0"
            >
              Coop Programs
              <span
                class="MuiTouchRipple-root css-8je8zh-MuiTouchRipple-root"
              />
            </a>
            <a
              class="MuiButtonBase-root MuiButton-root MuiButton-outlined MuiButton-outlinedPrimary MuiButton-sizeMedium MuiButton-outlinedSizeMedium MuiButton-colorPrimary MuiButton-root MuiButton-outlined MuiButton-outlinedPrimary MuiButton-sizeMedium MuiButton-outlinedSizeMedium MuiButton-colorPrimary css-1rmtn5e-MuiButtonBase-root-MuiButton-root"
              href="/farm-animal-time"
              tabindex="0"
            >
              Farm Animal Time
              <span
                class="MuiTouchRipple-root css-8je8zh-MuiTouchRipple-root"
              />
            </a>
            <a
              class="MuiButtonBase-root MuiButton-root MuiButton-outlined MuiButton-outlinedPrimary MuiButton-sizeMedium MuiButton-outlinedSizeMedium MuiButton-colorPrimary MuiButton-root MuiButton-outlined MuiButton-outlinedPrimary MuiButton-sizeMedium MuiButton-outlinedSizeMedium MuiButton-colorPrimary css-1rmtn5e-MuiButtonBase-root-MuiButton-root"
              href="/giveaway"
              tabindex="0"
            >
              Community Giveaway
              <span
                class="MuiTouchRipple-root css-8je8zh-MuiTouchRipple-root"
              />
            </a>
            <a
              class="MuiButtonBase-root MuiButton-root MuiButton-outlined MuiButton-outlinedPrimary MuiButton-sizeMedium MuiButton-outlinedSizeMedium MuiButton-colorPrimary MuiButton-root MuiButton-outlined MuiButton-outlinedPrimary MuiButton-sizeMedium MuiButton-outlinedSizeMedium MuiButton-colorPrimary css-1rmtn5e-MuiButtonBase-root-MuiButton-root"
              href="/registration"
              tabindex="0"
            >
              Coop Registration
              <span
                class="MuiTouchRipple-root css-8je8zh-MuiTouchRipple-root"
              />
            </a>
            <a
              class="MuiButtonBase-root MuiButton-root MuiButton-outlined MuiButton-outlinedPrimary MuiButton-sizeMedium MuiButton-outlinedSizeMedium MuiButton-colorPrimary MuiButton-root MuiButton-outlined MuiButton-outlinedPrimary MuiButton-sizeMedium MuiButton-outlinedSizeMedium MuiButton-colorPrimary css-1rmtn5e-MuiButtonBase-root-MuiButton-root"
              href="/faq"
              tabindex="0"
            >
              FAQ
              <span
                class="MuiTouchRipple-root css-8je8zh-MuiTouchRipple-root"
              />
            </a>
          </div>
        </nav>
        <nav
          aria-label="More pages"
          class="MuiBox-root css-0"
        >
          <h6
            class="MuiTypography-root MuiTypography-h6 css-f7he05-MuiTypography-root"
          >
            More
          </h6>
          <div
            class="MuiStack-root css-pex525-MuiStack-root"
          >
            <a
              class="MuiButtonBase-root MuiButton-root MuiButton-text MuiButton-textPrimary MuiButton-sizeMedium MuiButton-textSizeMedium MuiButton-colorPrimary MuiButton-root MuiButton-text MuiButton-textPrimary MuiButton-sizeMedium MuiButton-textSizeMedium MuiButton-colorPrimary css-10l2un7-MuiButtonBase-root-MuiButton-root"
              href="/family-business-partners"
              tabindex="0"
            >
              Family Business Partners
              <span
                class="MuiTouchRipple-root css-8je8zh-MuiTouchRipple-root"
              />
            </a>
            <a
              class="MuiButtonBase-root MuiButton-root MuiButton-text MuiButton-textPrimary MuiButton-sizeMedium MuiButton-textSizeMedium MuiButton-colorPrimary MuiButton-root MuiButton-text MuiButton-textPrimary MuiButton-sizeMedium MuiButton-textSizeMedium MuiButton-colorPrimary css-10l2un7-MuiButtonBase-root-MuiButton-root"
              href="/parent-involvement"
              tabindex="0"
            >
              Parent Involvement
              <span
                class="MuiTouchRipple-root css-8je8zh-MuiTouchRipple-root"
              />
            </a>
            <a
              class="MuiButtonBase-root MuiButton-root MuiButton-text MuiButton-textPrimary MuiButton-sizeMedium MuiButton-textSizeMedium MuiButton-colorPrimary MuiButton-root MuiButton-text MuiButton-textPrimary MuiButton-sizeMedium MuiButton-textSizeMedium MuiButton-colorPrimary css-10l2un7-MuiButtonBase-root-MuiButton-root"
              href="/parents"
              tabindex="0"
            >
              Parents Resources
              <span
                class="MuiTouchRipple-root css-8je8zh-MuiTouchRipple-root"
              />
            </a>
            <a
              class="MuiButtonBase-root MuiButton-root MuiButton-text MuiButton-textPrimary MuiButton-sizeMedium MuiButton-textSizeMedium MuiButton-colorPrimary MuiButton-root MuiButton-text MuiButton-textPrimary MuiButton-sizeMedium MuiButton-textSizeMedium MuiButton-colorPrimary css-10l2un7-MuiButtonBase-root-MuiButton-root"
              href="/enrollments"
              tabindex="0"
            >
              Coop Membership
              <span
                class="MuiTouchRipple-root css-8je8zh-MuiTouchRipple-root"
              />
            </a>
            <a
              class="MuiButtonBase-root MuiButton-root MuiButton-text MuiButton-textPrimary MuiButton-sizeMedium MuiButton-textSizeMedium MuiButton-colorPrimary MuiButton-root MuiButton-text MuiButton-textPrimary MuiButton-sizeMedium MuiButton-textSizeMedium MuiButton-colorPrimary css-10l2un7-MuiButtonBase-root-MuiButton-root"
              href="/teachers"
              tabindex="0"
            >
              Teachers
              <span
                class="MuiTouchRipple-root css-8je8zh-MuiTouchRipple-root"
              />
            </a>
            <a
              class="MuiButtonBase-root MuiButton-root MuiButton-text MuiButton-textPrimary MuiButton-sizeMedium MuiButton-textSizeMedium MuiButton-colorPrimary MuiButton-root MuiButton-text MuiButton-textPrimary MuiButton-sizeMedium MuiButton-textSizeMedium MuiButton-colorPrimary css-10l2un7-MuiButtonBase-root-MuiButton-root"
              href="/philosophy"
              tabindex="0"
            >
              Philosophy
              <span
                class="MuiTouchRipple-root css-8je8zh-MuiTouchRipple-root"
              />
            </a>
            <a
              class="MuiButtonBase-root MuiButton-root MuiButton-text MuiButton-textPrimary MuiButton-sizeMedium MuiButton-textSizeMedium MuiButton-colorPrimary MuiButton-root MuiButton-text MuiButton-textPrimary MuiButton-sizeMedium MuiButton-textSizeMedium MuiButton-colorPrimary css-10l2un7-MuiButtonBase-root-MuiButton-root"
              href="/accessibility"
              tabindex="0"
            >
              Accessibility
              <span
                class="MuiTouchRipple-root css-8je8zh-MuiTouchRipple-root"
              />
            </a>
            <a
              class="MuiButtonBase-root MuiButton-root MuiButton-text MuiButton-textPrimary MuiButton-sizeMedium MuiButton-textSizeMedium MuiButton-colorPrimary MuiButton-root MuiButton-text MuiButton-textPrimary MuiButton-sizeMedium MuiButton-textSizeMedium MuiButton-colorPrimary css-10l2un7-MuiButtonBase-root-MuiButton-root"
              href="/non-discrimination-policy"
              tabindex="0"
            >
              Non-Discrimination Policy
              <span
                class="MuiTouchRipple-root css-8je8zh-MuiTouchRipple-root"
              />
            </a>
            <a
              class="MuiButtonBase-root MuiButton-root MuiButton-text MuiButton-textPrimary MuiButton-sizeMedium MuiButton-textSizeMedium MuiButton-colorPrimary MuiButton-root MuiButton-text MuiButton-textPrimary MuiButton-sizeMedium MuiButton-textSizeMedium MuiButton-colorPrimary css-10l2un7-MuiButtonBase-root-MuiButton-root"
              href="/blog"
              tabindex="0"
            >
              Blog
              <span
                class="MuiTouchRipple-root css-8je8zh-MuiTouchRipple-root"
              />
            </a>
            <a
              class="MuiButtonBase-root MuiButton-root MuiButton-text MuiButton-textPrimary MuiButton-sizeMedium MuiButton-textSizeMedium MuiButton-colorPrimary MuiButton-root MuiButton-text MuiButton-textPrimary MuiButton-sizeMedium MuiButton-textSizeMedium MuiButton-colorPrimary css-10l2un7-MuiButtonBase-root-MuiButton-root"
              href="/contact"
              tabindex="0"
            >
              Contact
              <span
                class="MuiTouchRipple-root css-8je8zh-MuiTouchRipple-root"
              />
            </a>
          </div>
        </nav>
        <div
          class="MuiStack-root css-w7gobd-MuiStack-root"
        >
          <button
            class="MuiButtonBase-root MuiButton-root MuiButton-contained MuiButton-containedPrimary MuiButton-sizeMedium MuiButton-containedSizeMedium MuiButton-colorPrimary MuiButton-root MuiButton-contained MuiButton-containedPrimary MuiButton-sizeMedium MuiButton-containedSizeMedium MuiButton-colorPrimary css-ce2pdu-MuiButtonBase-root-MuiButton-root"
            tabindex="0"
            type="button"
          >
            Contact Us
            <span
              class="MuiTouchRipple-root css-8je8zh-MuiTouchRipple-root"
            />
          </button>
          <button
            class="MuiButtonBase-root MuiButton-root MuiButton-outlined MuiButton-outlinedPrimary MuiButton-sizeMedium MuiButton-outlinedSizeMedium MuiButton-colorPrimary MuiButton-root MuiButton-outlined MuiButton-outlinedPrimary MuiButton-sizeMedium MuiButton-outlinedSizeMedium MuiButton-colorPrimary css-1rmtn5e-MuiButtonBase-root-MuiButton-root"
            tabindex="0"
            type="button"
          >
            Location Info
            <span
              class="MuiTouchRipple-root css-8je8zh-MuiTouchRipple-root"
            />
          </button>
        </div>
      </div>
    </footer>
    <div
      class="MuiBox-root css-i9tlv9"
    >
      <div
        class="MuiPaper-root MuiPaper-elevation MuiPaper-rounded MuiPaper-elevation8 css-1x39m7c-MuiPaper-root"
      >
        <div
          class="MuiBox-root css-axw7ok"
        >
          <div
            class="MuiBox-root css-1ttyx26"
          >
            <p
              class="MuiTypography-root MuiTypography-body2 css-1jatta2-MuiTypography-root"
            >
              🍪 We use cookies to improve your experience
            </p>
            <button
              aria-label="Learn more about cookies"
              class="MuiButtonBase-root MuiIconButton-root MuiIconButton-sizeSmall css-19e77u5-MuiButtonBase-root-MuiIconButton-root"
              tabindex="0"
              type="button"
            >
              <svg
                aria-hidden="true"
                class="MuiSvgIcon-root MuiSvgIcon-fontSizeSmall css-ptiqhd-MuiSvgIcon-root"
                data-testid="InfoIcon"
                focusable="false"
                viewBox="0 0 24 24"
              >
                <path
                  d="M12 2C6.48 2 2 6.48 2 12s4.48 10 10 10 10-4.48 10-10S17.52 2 12 2m1 15h-2v-6h2zm0-8h-2V7h2z"
                />
              </svg>
              <span
                class="MuiTouchRipple-root css-8je8zh-MuiTouchRipple-root"
              />
            </button>
          </div>
          <button
            class="MuiButtonBase-root MuiButton-root MuiButton-contained MuiButton-containedPrimary MuiButton-sizeSmall MuiButton-containedSizeSmall MuiButton-colorPrimary MuiButton-root MuiButton-contained MuiButton-containedPrimary MuiButton-sizeSmall MuiButton-containedSizeSmall MuiButton-colorPrimary css-xmqoqm-MuiButtonBase-root-MuiButton-root"
            tabindex="0"
            type="button"
          >
            Accept
            <span
              class="MuiTouchRipple-root css-8je8zh-MuiTouchRipple-root"
            />
          </button>
        </div>
        <div
          class="MuiCollapse-root MuiCollapse-vertical MuiCollapse-hidden css-bz4dnt-MuiCollapse-root"
          style="min-height: 0px;"
        >
          <div
            class="MuiCollapse-wrapper MuiCollapse-vertical css-smkl36-MuiCollapse-wrapper"
          >
            <div
              class="MuiCollapse-wrapperInner MuiCollapse-vertical css-9l5vo-MuiCollapse-wrapperInner"
            >
              <div
                class="MuiBox-root css-1bhi3d8"
              >
                <h2
                  class="MuiTypography-root MuiTypography-h6 css-iteswf-MuiTypography-root"
                >
                  🍪 Privacy & Cookie Preferences
                </h2>
                <p
                  class="MuiTypography-root MuiTypography-body2 css-dpgk57-MuiTypography-root"
                >
                  We use cookies and similar technologies to enhance your experience, analyze site traffic, and provide personalized content.
                </p>
                <div
                  class="MuiBox-root css-12rv1js"
                >
                  <h6
                    class="MuiTypography-root MuiTypography-subtitle2 css-qa0v9m-MuiTypography-root"
                  >
                    Cookie Categories
                  </h6>
                  <label
                    class="MuiFormControlLabel-root MuiFormControlLabel-labelPlacementEnd css-1fgzyyc-MuiFormControlLabel-root"
                  >
                    <span
                      class="MuiButtonBase-root MuiCheckbox-root MuiCheckbox-colorPrimary MuiCheckbox-sizeSmall PrivateSwitchBase-root MuiCheckbox-root MuiCheckbox-colorPrimary MuiCheckbox-sizeSmall MuiCheckbox-root MuiCheckbox-colorPrimary MuiCheckbox-sizeSmall css-1nje7i5-MuiButtonBase-root-MuiCheckbox-root"
                    >
                      <input
                        class="PrivateSwitchBase-input css-1m9pwf3"
                        data-indeterminate="false"
                        type="checkbox"
                      />
                      <svg
                        aria-hidden="true"
                        class="MuiSvgIcon-root MuiSvgIcon-fontSizeSmall css-ptiqhd-MuiSvgIcon-root"
                        data-testid="CheckBoxOutlineBlankIcon"
                        focusable="false"
                        viewBox="0 0 24 24"
                      >
                        <path
                          d="M19 5v14H5V5h14m0-2H5c-1.1 0-2 .9-2 2v14c0 1.1.9 2 2 2h14c1.1 0 2-.9 2-2V5c0-1.1-.9-2-2-2z"
                        />
                      </svg>
                      <span
                        class="MuiTouchRipple-root css-8je8zh-MuiTouchRipple-root"
                      />
                    </span>
                    <span
                      class="MuiTypography-root MuiTypography-body1 MuiFormControlLabel-label css-1sr4956-MuiTypography-root"
                    >
                      <div
                        class="MuiBox-root css-0"
                      >
                        <p
                          class="MuiTypography-root MuiTypography-body2 css-8dxh3r-MuiTypography-root"
                        >
                          Analytics Cookies
                        </p>
                        <span
                          class="MuiTypography-root MuiTypography-caption css-1vnkz8r-MuiTypography-root"
                        >
                          Help us understand how visitors interact with our website by collecting and reporting information anonymously.
                        </span>
                      </div>
                    </span>
                  </label>
                  <label
                    class="MuiFormControlLabel-root MuiFormControlLabel-labelPlacementEnd css-1fgzyyc-MuiFormControlLabel-root"
                  >
                    <span
                      class="MuiButtonBase-root MuiCheckbox-root MuiCheckbox-colorPrimary MuiCheckbox-sizeSmall PrivateSwitchBase-root MuiCheckbox-root MuiCheckbox-colorPrimary MuiCheckbox-sizeSmall MuiCheckbox-root MuiCheckbox-colorPrimary MuiCheckbox-sizeSmall css-1nje7i5-MuiButtonBase-root-MuiCheckbox-root"
                    >
                      <input
                        class="PrivateSwitchBase-input css-1m9pwf3"
                        data-indeterminate="false"
                        type="checkbox"
                      />
                      <svg
                        aria-hidden="true"
                        class="MuiSvgIcon-root MuiSvgIcon-fontSizeSmall css-ptiqhd-MuiSvgIcon-root"
                        data-testid="CheckBoxOutlineBlankIcon"
                        focusable="false"
                        viewBox="0 0 24 24"
                      >
                        <path
                          d="M19 5v14H5V5h14m0-2H5c-1.1 0-2 .9-2 2v14c0 1.1.9 2 2 2h14c1.1 0 2-.9 2-2V5c0-1.1-.9-2-2-2z"
                        />
                      </svg>
                      <span
                        class="MuiTouchRipple-root css-8je8zh-MuiTouchRipple-root"
                      />
                    </span>
                    <span
                      class="MuiTypography-root MuiTypography-body1 MuiFormControlLabel-label css-1sr4956-MuiTypography-root"
                    >
                      <div
                        class="MuiBox-root css-0"
                      >
                        <p
                          class="MuiTypography-root MuiTypography-body2 css-8dxh3r-MuiTypography-root"
                        >
                          Advertising Cookies
                        </p>
                        <span
                          class="MuiTypography-root MuiTypography-caption css-1vnkz8r-MuiTypography-root"
                        >
                          Used to deliver relevant advertisements and track campaign performance.
                        </span>
                      </div>
                    </span>
                  </label>
                  <label
                    class="MuiFormControlLabel-root MuiFormControlLabel-labelPlacementEnd css-kt2xg2-MuiFormControlLabel-root"
                  >
                    <span
                      class="MuiButtonBase-root MuiCheckbox-root MuiCheckbox-colorPrimary MuiCheckbox-sizeSmall PrivateSwitchBase-root MuiCheckbox-root MuiCheckbox-colorPrimary MuiCheckbox-sizeSmall MuiCheckbox-root MuiCheckbox-colorPrimary MuiCheckbox-sizeSmall css-1nje7i5-MuiButtonBase-root-MuiCheckbox-root"
                    >
                      <input
                        class="PrivateSwitchBase-input css-1m9pwf3"
                        data-indeterminate="false"
                        type="checkbox"
                      />
                      <svg
                        aria-hidden="true"
                        class="MuiSvgIcon-root MuiSvgIcon-fontSizeSmall css-ptiqhd-MuiSvgIcon-root"
                        data-testid="CheckBoxOutlineBlankIcon"
                        focusable="false"
                        viewBox="0 0 24 24"
                      >
                        <path
                          d="M19 5v14H5V5h14m0-2H5c-1.1 0-2 .9-2 2v14c0 1.1.9 2 2 2h14c1.1 0 2-.9 2-2V5c0-1.1-.9-2-2-2z"
                        />
                      </svg>
                      <span
                        class="MuiTouchRipple-root css-8je8zh-MuiTouchRipple-root"
                      />
                    </span>
                    <span
                      class="MuiTypography-root MuiTypography-body1 MuiFormControlLabel-label css-1sr4956-MuiTypography-root"
                    >
                      <div
                        class="MuiBox-root css-0"
                      >
                        <p
                          class="MuiTypography-root MuiTypography-body2 css-8dxh3r-MuiTypography-root"
                        >
                          Marketing Cookies
                        </p>
                        <span
                          class="MuiTypography-root MuiTypography-caption css-1vnkz8r-MuiTypography-root"
                        >
                          Used to track visitors across websites to display relevant advertisements.
                        </span>
                      </div>
                    </span>
                  </label>
                </div>
                <div
                  class="MuiBox-root css-1mcghfl"
                >
                  <button
                    class="MuiButtonBase-root MuiButton-root MuiButton-outlined MuiButton-outlinedPrimary MuiButton-sizeSmall MuiButton-outlinedSizeSmall MuiButton-colorPrimary MuiButton-root MuiButton-outlined MuiButton-outlinedPrimary MuiButton-sizeSmall MuiButton-outlinedSizeSmall MuiButton-colorPrimary css-8c8hn5-MuiButtonBase-root-MuiButton-root"
                    tabindex="0"
                    type="button"
                  >
                    Essential Only
                    <span
                      class="MuiTouchRipple-root css-8je8zh-MuiTouchRipple-root"
                    />
                  </button>
                  <button
                    class="MuiButtonBase-root MuiButton-root MuiButton-contained MuiButton-containedPrimary MuiButton-sizeSmall MuiButton-containedSizeSmall MuiButton-colorPrimary MuiButton-root MuiButton-contained MuiButton-containedPrimary MuiButton-sizeSmall MuiButton-containedSizeSmall MuiButton-colorPrimary css-1g1zqqo-MuiButtonBase-root-MuiButton-root"
                    tabindex="0"
                    type="button"
                  >
                    Customize
                    <span
                      class="MuiTouchRipple-root css-8je8zh-MuiTouchRipple-root"
                    />
                  </button>
                </div>
              </div>
            </div>
          </div>
        </div>
      </div>
    </div>
  </div>
</div>
`;
